Processing 10 files...
Data loaded. Creating heatmap...
Drawing heatmap...
Too many columns, downsampling to 2000 columns...
Error: unexpected end of input
Execution halted
Processing 10 files...
Data loaded. Creating heatmap...
Drawing heatmap...
Too many columns, downsampling to 2000 columns...
Saving heatmap to final_out.pdf ...
Error in check.length("fill") : 
  'gpar' element 'fill' must not be length 0
Calls: tryCatch ... rectGrob -> grob -> gpar -> validGP -> check.length
Execution halted
Processing 10 files...
Data loaded. Creating heatmap...
Drawing heatmap...
Too many columns, downsampling to 2000 columns...
Saving heatmap to final_out.pdf ...
Error in check.length("fill") : 
  'gpar' element 'fill' must not be length 0
Calls: tryCatch ... rectGrob -> grob -> gpar -> validGP -> check.length
Execution halted
