/home/yaoxinw/.conda/envs/prokka_env/lib/python3.7/site-packages/matplotlib/cbook/__init__.py:1377: FutureWarning: Support for multi-dimensional indexing (e.g. `obj[:, None]`) is deprecated and will be removed in a future version.  Convert to a numpy array before indexing instead.
  x[:, None]
/home/yaoxinw/.conda/envs/prokka_env/lib/python3.7/site-packages/matplotlib/axes/_base.py:237: FutureWarning: Support for multi-dimensional indexing (e.g. `obj[:, None]`) is deprecated and will be removed in a future version.  Convert to a numpy array before indexing instead.
  x = x[:, np.newaxis]
/home/yaoxinw/.conda/envs/prokka_env/lib/python3.7/site-packages/matplotlib/axes/_base.py:239: FutureWarning: Support for multi-dimensional indexing (e.g. `obj[:, None]`) is deprecated and will be removed in a future version.  Convert to a numpy array before indexing instead.
  y = y[:, np.newaxis]
找到 12 个匹配的文件

处理文件 1/12: /home/yaoxinw/workdir/data/04.chidian_5mc/Result_X101SC25117400-Z01-J001_Epinephelus_akaara/Result_X101SC25117400-Z01-J001_Epinephelus_akaara/3.MethylationStat/3.1.MLevel_stat/liver2.mC_level_Identification_stat.txt.gz
文件名: liver2.mC_level_Identification_stat.txt.gz
样本名: liver2
读取到 27573180 行数据
甲基化值超过0.5的位点数: 25600555
样本 liver2 处理完成，统计了 25 条染色体

处理文件 2/12: /home/yaoxinw/workdir/data/04.chidian_5mc/Result_X101SC25117400-Z01-J001_Epinephelus_akaara/Result_X101SC25117400-Z01-J001_Epinephelus_akaara/3.MethylationStat/3.1.MLevel_stat/kidney2.mC_level_Identification_stat.txt.gz
文件名: kidney2.mC_level_Identification_stat.txt.gz
样本名: kidney2
读取到 26963852 行数据
甲基化值超过0.5的位点数: 25750912
样本 kidney2 处理完成，统计了 25 条染色体

处理文件 3/12: /home/yaoxinw/workdir/data/04.chidian_5mc/Result_X101SC25117400-Z01-J001_Epinephelus_akaara/Result_X101SC25117400-Z01-J001_Epinephelus_akaara/3.MethylationStat/3.1.MLevel_stat/spleen3.mC_level_Identification_stat.txt.gz
文件名: spleen3.mC_level_Identification_stat.txt.gz
样本名: spleen3
读取到 27060807 行数据
甲基化值超过0.5的位点数: 25680459
样本 spleen3 处理完成，统计了 25 条染色体

处理文件 4/12: /home/yaoxinw/workdir/data/04.chidian_5mc/Result_X101SC25117400-Z01-J001_Epinephelus_akaara/Result_X101SC25117400-Z01-J001_Epinephelus_akaara/3.MethylationStat/3.1.MLevel_stat/liver1.mC_level_Identification_stat.txt.gz
文件名: liver1.mC_level_Identification_stat.txt.gz
样本名: liver1
读取到 28409893 行数据
甲基化值超过0.5的位点数: 26423232
样本 liver1 处理完成，统计了 25 条染色体

处理文件 5/12: /home/yaoxinw/workdir/data/04.chidian_5mc/Result_X101SC25117400-Z01-J001_Epinephelus_akaara/Result_X101SC25117400-Z01-J001_Epinephelus_akaara/3.MethylationStat/3.1.MLevel_stat/kidney1.mC_level_Identification_stat.txt.gz
文件名: kidney1.mC_level_Identification_stat.txt.gz
样本名: kidney1
读取到 27032744 行数据
甲基化值超过0.5的位点数: 25788482
样本 kidney1 处理完成，统计了 25 条染色体

处理文件 6/12: /home/yaoxinw/workdir/data/04.chidian_5mc/Result_X101SC25117400-Z01-J001_Epinephelus_akaara/Result_X101SC25117400-Z01-J001_Epinephelus_akaara/3.MethylationStat/3.1.MLevel_stat/liver3.mC_level_Identification_stat.txt.gz
文件名: liver3.mC_level_Identification_stat.txt.gz
样本名: liver3
读取到 24674562 行数据
甲基化值超过0.5的位点数: 23009525
样本 liver3 处理完成，统计了 25 条染色体

处理文件 7/12: /home/yaoxinw/workdir/data/04.chidian_5mc/Result_X101SC25117400-Z01-J001_Epinephelus_akaara/Result_X101SC25117400-Z01-J001_Epinephelus_akaara/3.MethylationStat/3.1.MLevel_stat/kidney3.mC_level_Identification_stat.txt.gz
文件名: kidney3.mC_level_Identification_stat.txt.gz
样本名: kidney3
读取到 26719379 行数据
甲基化值超过0.5的位点数: 25275889
样本 kidney3 处理完成，统计了 25 条染色体

处理文件 8/12: /home/yaoxinw/workdir/data/04.chidian_5mc/Result_X101SC25117400-Z01-J001_Epinephelus_akaara/Result_X101SC25117400-Z01-J001_Epinephelus_akaara/3.MethylationStat/3.1.MLevel_stat/intestine3.mC_level_Identification_stat.txt.gz
文件名: intestine3.mC_level_Identification_stat.txt.gz
样本名: intestine3
读取到 27962664 行数据
甲基化值超过0.5的位点数: 26135657
样本 intestine3 处理完成，统计了 25 条染色体

处理文件 9/12: /home/yaoxinw/workdir/data/04.chidian_5mc/Result_X101SC25117400-Z01-J001_Epinephelus_akaara/Result_X101SC25117400-Z01-J001_Epinephelus_akaara/3.MethylationStat/3.1.MLevel_stat/intestine1.mC_level_Identification_stat.txt.gz
文件名: intestine1.mC_level_Identification_stat.txt.gz
样本名: intestine1
读取到 25785170 行数据
甲基化值超过0.5的位点数: 24263392
样本 intestine1 处理完成，统计了 25 条染色体

处理文件 10/12: /home/yaoxinw/workdir/data/04.chidian_5mc/Result_X101SC25117400-Z01-J001_Epinephelus_akaara/Result_X101SC25117400-Z01-J001_Epinephelus_akaara/3.MethylationStat/3.1.MLevel_stat/spleen2.mC_level_Identification_stat.txt.gz
文件名: spleen2.mC_level_Identification_stat.txt.gz
样本名: spleen2
读取到 24859340 行数据
甲基化值超过0.5的位点数: 23478296
样本 spleen2 处理完成，统计了 25 条染色体

处理文件 11/12: /home/yaoxinw/workdir/data/04.chidian_5mc/Result_X101SC25117400-Z01-J001_Epinephelus_akaara/Result_X101SC25117400-Z01-J001_Epinephelus_akaara/3.MethylationStat/3.1.MLevel_stat/spleen1.mC_level_Identification_stat.txt.gz
文件名: spleen1.mC_level_Identification_stat.txt.gz
样本名: spleen1
读取到 28876047 行数据
甲基化值超过0.5的位点数: 27377219
样本 spleen1 处理完成，统计了 25 条染色体

处理文件 12/12: /home/yaoxinw/workdir/data/04.chidian_5mc/Result_X101SC25117400-Z01-J001_Epinephelus_akaara/Result_X101SC25117400-Z01-J001_Epinephelus_akaara/3.MethylationStat/3.1.MLevel_stat/intestine2.mC_level_Identification_stat.txt.gz
文件名: intestine2.mC_level_Identification_stat.txt.gz
样本名: intestine2
读取到 25707042 行数据
甲基化值超过0.5的位点数: 24106467
样本 intestine2 处理完成，统计了 25 条染色体

合并后的数据形状: (300, 3)
筛选后透视表形状: (12, 24)

数据处理完成，结果已保存到 methylation_count_by_chromosome.csv
重复样本处理完成，结果已保存到 methylation_count_by_chromosome_averaged.csv
折线图已保存到 methylation_stats.png
Traceback (most recent call last):
  File "./chr_meth_number_plot.py", line 7, in <module>
    methylation_stats = process_methylation_files(file_pattern)
NameError: name 'process_methylation_files' is not defined
