./Endothelial.
./Endothelial..rename.sorted.bedGraph is not case-sensitive sorted at line 4190629.  Please use "sort -k1,1 -k2,2n" with LC_COLLATE=C,  or bedSort and try again.
./Epithelial.
./Epithelial..rename.sorted.bedGraph is not case-sensitive sorted at line 4190629.  Please use "sort -k1,1 -k2,2n" with LC_COLLATE=C,  or bedSort and try again.
./Erythroid.
./Erythroid..rename.sorted.bedGraph is not case-sensitive sorted at line 4190629.  Please use "sort -k1,1 -k2,2n" with LC_COLLATE=C,  or bedSort and try again.
./Hepatocyte.
./Hepatocyte..rename.sorted.bedGraph is not case-sensitive sorted at line 4190629.  Please use "sort -k1,1 -k2,2n" with LC_COLLATE=C,  or bedSort and try again.
./Immune.
./Immune..rename.sorted.bedGraph is not case-sensitive sorted at line 4190629.  Please use "sort -k1,1 -k2,2n" with LC_COLLATE=C,  or bedSort and try again.
./Muscle.
./Muscle..rename.sorted.bedGraph is not case-sensitive sorted at line 4190629.  Please use "sort -k1,1 -k2,2n" with LC_COLLATE=C,  or bedSort and try again.
./Neural.
./Neural..rename.sorted.bedGraph is not case-sensitive sorted at line 4190629.  Please use "sort -k1,1 -k2,2n" with LC_COLLATE=C,  or bedSort and try again.
./Secretory.
./Secretory..rename.sorted.bedGraph is not case-sensitive sorted at line 4190629.  Please use "sort -k1,1 -k2,2n" with LC_COLLATE=C,  or bedSort and try again.
./Stromal.
./Stromal..rename.sorted.bedGraph is not case-sensitive sorted at line 4190629.  Please use "sort -k1,1 -k2,2n" with LC_COLLATE=C,  or bedSort and try again.
./Endothelial
./Epithelial
./Erythroid
./Hepatocyte
./Immune
./Muscle
./Neural
./Secretory
./Stromal
